../Core/Src/main.c:175:5:_write	24	static
../Core/Src/main.c:185:6:HAL_GPIO_EXTI_Callback	16	static
../Core/Src/main.c:206:6:HAL_RTCEx_WakeUpTimerEventCallback	16	static
../Core/Src/main.c:213:6:HAL_TIM_PeriodElapsedCallback	16	static
../Core/Src/main.c:223:6:subscribeMessageHandler	16	static
../Core/Src/main.c:244:5:main	400	static
../Core/Src/main.c:493:6:SystemClock_Config	96	static
../Core/Src/main.c:555:6:PeriphCommonClock_Config	144	static
../Core/Src/main.c:582:13:MX_DFSDM1_Init	8	static
../Core/Src/main.c:620:13:MX_I2C3_Init	8	static
../Core/Src/main.c:668:13:MX_QUADSPI_Init	8	static
../Core/Src/main.c:701:13:MX_RNG_Init	8	static
../Core/Src/main.c:727:13:MX_RTC_Init	8	static
../Core/Src/main.c:763:13:MX_SPI3_Init	8	static
../Core/Src/main.c:803:13:MX_TIM6_Init	24	static
../Core/Src/main.c:841:13:MX_USART1_UART_Init	8	static
../Core/Src/main.c:876:13:MX_USART3_UART_Init	8	static
../Core/Src/main.c:911:13:MX_USB_OTG_FS_PCD_Init	8	static
../Core/Src/main.c:946:13:MX_GPIO_Init	48	static
../Core/Src/main.c:1139:8:turbidity_get_ntu	24	static
../Core/Src/main.c:1188:6:Led_SetState	16	static
../Core/Src/main.c:1205:6:Led_Blink	24	static
../Core/Src/main.c:1235:6:SPI3_IRQHandler	8	static
../Core/Src/main.c:1246:5:network_rd	32	static
../Core/Src/main.c:1268:5:network_wr	32	static
../Core/Src/main.c:1288:6:Error_Handler	4	static,ignoring_inline_asm
